
Memory Configuration

Name             Origin             Length             Attributes
BRAM             0x0000000000000000 0x0000000000004000 xrw
*default*        0x0000000000000000 0xffffffffffffffff

Linker script and memory map


everything      0x0000000000000000      0x512
                0x0000000000000000                . = ALIGN (0x4)
 calculator.o(.text)
 .text          0x0000000000000000       0xc4 calculator.o
 *(.*)
 .data          0x00000000000000c4       0x3d calculator.o
 .bss           0x0000000000000101        0x0 calculator.o
 .riscv.attributes
                0x0000000000000101       0x1a calculator.o
 *fill*         0x000000000000011b        0x1 
 .text          0x000000000000011c      0x1ac bin_to_bcd.o
                0x000000000000011c                bin_to_bcd
                0x0000000000000218                bin_to_bcd_hw
 .data          0x00000000000002c8        0x0 bin_to_bcd.o
 .bss           0x00000000000002c8        0x0 bin_to_bcd.o
 .riscv.attributes
                0x00000000000002c8       0x1a bin_to_bcd.o
 *fill*         0x00000000000002e2        0x2 
 .text          0x00000000000002e4       0x78 mult.o
                0x00000000000002e4                mult
                0x000000000000032c                mult_hw
 .data          0x000000000000035c        0x0 mult.o
 .bss           0x000000000000035c        0x0 mult.o
 .riscv.attributes
                0x000000000000035c       0x1a mult.o
 *fill*         0x0000000000000376        0x2 
 .text          0x0000000000000378       0x90 div.o
                0x0000000000000378                div
                0x00000000000003d8                div_hw
 .data          0x0000000000000408        0x0 div.o
 .bss           0x0000000000000408        0x0 div.o
 .riscv.attributes
                0x0000000000000408       0x1a div.o
 *fill*         0x0000000000000422        0x2 
 .text          0x0000000000000424       0x24 wait.o
                0x0000000000000424                wait
 .data          0x0000000000000448        0x0 wait.o
 .bss           0x0000000000000448        0x0 wait.o
 .riscv.attributes
                0x0000000000000448       0x1a wait.o
 *fill*         0x0000000000000462        0x2 
 .text          0x0000000000000464       0x44 putchar.o
                0x0000000000000464                putchar
 .data          0x00000000000004a8        0x0 putchar.o
 .bss           0x00000000000004a8        0x0 putchar.o
 .riscv.attributes
                0x00000000000004a8       0x1a putchar.o
 *fill*         0x00000000000004c2        0x2 
 .text          0x00000000000004c4       0x34 getchar.o
                0x00000000000004c4                getchar
 .data          0x00000000000004f8        0x0 getchar.o
 .bss           0x00000000000004f8        0x0 getchar.o
 .riscv.attributes
                0x00000000000004f8       0x1a getchar.o
LOAD bin_to_bcd.o
LOAD mult.o
LOAD div.o
LOAD wait.o
LOAD putchar.o
LOAD getchar.o
LOAD calculator.o
OUTPUT(firmware.elf elf32-littleriscv)
